<html>
<body>
<pre>
<h1>µVision Build Log</h1>
<h2>Project:</h2>
C:\Users\vomi\source\repos\VSY\5_integracni_voltmetr\f303rc_asm_simple_example.uvproj
Project File Date:  11/13/2021

<h2>Output:</h2>
Build target 'f303rc'
assembling startup_stm32f30x.s...
assembling led_example.s...
assembling stm32f303xe.s...
assembling GPIO.s...
linking...
.\f303rc_asm_simple_example.sct(8): warning: L6314W: No section matches pattern *(InRoot$$Sections).
Program Size: Code=4128 RO-data=392 RW-data=0 ZI-data=1148  
Finished: 0 information, 1 warning and 0 error messages.
FromELF: creating hex file...
".\f303rc_asm_simple_example.axf" - 0 Error(s), 1 Warning(s).
ample.axf" 
Erase Done.
Programming Done.
Verify OK.
Clean started: Project: 'f303rc_asm_simple_example'
   deleting intermediate output files for target 'f303rc'
303rc_asm_simple_example.axf" 
_____^
*** error 56: cannot open file
Error: Flash Download failed  -  Could not load file 'C:\Users\vomi\source\repos\VSY\5_integracni_voltmetr\f303rc_asm_simple_example.axf'
Load "C:\\Users\\vomi\\source\\repos\\VSY\\5_integracni_voltmetr\\f303rc_asm_simple_example.axf" 
_____^
*** error 56: cannot open file
Error: Flash Download failed  -  Could not load file 'C:\Users\vomi\source\repos\VSY\5_integracni_voltmetr\f303rc_asm_simple_example.axf'
