ARM Linker, 5.03 [Build 76] [MDK-ARM Lite]

==============================================================================

Section Cross References

    startup_stm32f30x.o(RESET) refers to startup_stm32f30x.o(STACK) for __initial_sp
    startup_stm32f30x.o(RESET) refers to startup_stm32f30x.o(.text) for Reset_Handler
    startup_stm32f30x.o(RESET) refers to led_example.o(STM32F10x_INI) for SysTick_Handler
    startup_stm32f30x.o(.text) refers to led_example.o(STM32F10x_INI) for __main
    led_example.o(STM32F10x_INI) refers to gpio.o(STM32F10x_INI) for GPIO_INIT
    led_example.o(STM32F10x_INI) refers to led_example.o(mojedata) for systemTicks


==============================================================================

Removing Unused input sections from the image.

    Removing startup_stm32f30x.o(HEAP), (512 bytes).
    Removing led_example.o(STM32F3xx), (0 bytes).
    Removing stm32f303xe.o(STM32F10x_INI), (40 bytes).
    Removing gpio.o(GPIO_Driver), (0 bytes).

4 unused section(s) (total 552 bytes) removed from the image.

==============================================================================

Image Symbol Table

    Local Symbols

    Symbol Name                              Value     Ov Type        Size  Object(Section)

    GPIO.s                                   0x00000000   Number         0  gpio.o ABSOLUTE
    led_example.s                            0x00000000   Number         0  led_example.o ABSOLUTE
    startup_stm32f30x.s                      0x00000000   Number         0  startup_stm32f30x.o ABSOLUTE
    stm32f303xe.s                            0x00000000   Number         0  stm32f303xe.o ABSOLUTE
    RESET                                    0x08000000   Section      392  startup_stm32f30x.o(RESET)
    .text                                    0x08000188   Section       28  startup_stm32f30x.o(.text)
    $v0                                      0x08000188   Number         0  startup_stm32f30x.o(.text)
    STM32F10x_INI                            0x080001a4   Section     5936  led_example.o(STM32F10x_INI)
    $v0                                      0x080001a4   Number         0  led_example.o(STM32F10x_INI)
    nvic_enable_irq                          0x080001a5   Thumb Code    36  led_example.o(STM32F10x_INI)
    strResetPending                          0x080001cc   Data           0  led_example.o(STM32F10x_INI)
    strAdjustment                            0x080001fb   Data           0  led_example.o(STM32F10x_INI)
    strParamReset                            0x08000222   Data           0  led_example.o(STM32F10x_INI)
    strNoParamSelected                       0x08000260   Data           0  led_example.o(STM32F10x_INI)
    strMeasured1                             0x080002c0   Data           0  led_example.o(STM32F10x_INI)
    strMeasured2                             0x080002c6   Data           0  led_example.o(STM32F10x_INI)
    strMeasured3                             0x080002cc   Data           0  led_example.o(STM32F10x_INI)
    strMeasured4                             0x080002e2   Data           0  led_example.o(STM32F10x_INI)
    strSampling1                             0x080002e7   Data           0  led_example.o(STM32F10x_INI)
    strSampling2                             0x080002ef   Data           0  led_example.o(STM32F10x_INI)
    welcomeMessage                           0x080002f1   Data           0  led_example.o(STM32F10x_INI)
    strNotRecognized                         0x08000384   Data           0  led_example.o(STM32F10x_INI)
    strCurrentConfig                         0x0800039e   Data           0  led_example.o(STM32F10x_INI)
    strLineBreak                             0x080003e4   Data           0  led_example.o(STM32F10x_INI)
    strCannotConfig                          0x080003e7   Data           0  led_example.o(STM32F10x_INI)
    strConfigStarted                         0x08000433   Data           0  led_example.o(STM32F10x_INI)
    strConfigParamNotRecognized1             0x080004bd   Data           0  led_example.o(STM32F10x_INI)
    strConfigParamNotRecognized2             0x080004c9   Data           0  led_example.o(STM32F10x_INI)
    strConfigValueSet1                       0x080004f7   Data           0  led_example.o(STM32F10x_INI)
    strConfigValueSet2                       0x08000503   Data           0  led_example.o(STM32F10x_INI)
    strConfigValueSet3                       0x0800051b   Data           0  led_example.o(STM32F10x_INI)
    strReceivedConfigString                  0x0800051f   Data           0  led_example.o(STM32F10x_INI)
    strAlreadyMeasuring                      0x08000538   Data           0  led_example.o(STM32F10x_INI)
    strNothingToEnd                          0x08000576   Data           0  led_example.o(STM32F10x_INI)
    strAlreadyEnding                         0x080005a9   Data           0  led_example.o(STM32F10x_INI)
    strEndScheduled                          0x080005d7   Data           0  led_example.o(STM32F10x_INI)
    strHelp                                  0x08000616   Data           0  led_example.o(STM32F10x_INI)
    get_time_elapsed                         0x08000a15   Thumb Code    14  led_example.o(STM32F10x_INI)
    SYSTICK_INIT                             0x08000a35   Thumb Code    36  led_example.o(STM32F10x_INI)
    print_repeated_char                      0x08000aa3   Thumb Code    18  led_example.o(STM32F10x_INI)
    print_padded_string                      0x08000acb   Thumb Code    46  led_example.o(STM32F10x_INI)
    strcmp                                   0x08000b59   Thumb Code    38  led_example.o(STM32F10x_INI)
    strchr                                   0x08000b7f   Thumb Code    24  led_example.o(STM32F10x_INI)
    index_in_string                          0x08000b97   Thumb Code    26  led_example.o(STM32F10x_INI)
    digitArray                               0x08000bb0   Data           0  led_example.o(STM32F10x_INI)
    str2num                                  0x08000bd9   Thumb Code    74  led_example.o(STM32F10x_INI)
    num2str                                  0x08000c23   Thumb Code   146  led_example.o(STM32F10x_INI)
    reverse_string                           0x08000cb5   Thumb Code    46  led_example.o(STM32F10x_INI)
    strlen                                   0x08000ce3   Thumb Code    22  led_example.o(STM32F10x_INI)
    to_upper                                 0x08000cf9   Thumb Code    30  led_example.o(STM32F10x_INI)
    handle_new_config_char                   0x08000eed   Thumb Code   166  led_example.o(STM32F10x_INI)
    erase_line                               0x08000f93   Thumb Code    32  led_example.o(STM32F10x_INI)
    config_start                             0x08000fb3   Thumb Code    62  led_example.o(STM32F10x_INI)
    avg_len_name                             0x08000ff0   Data           0  led_example.o(STM32F10x_INI)
    overwrite_name                           0x08001001   Data           0  led_example.o(STM32F10x_INI)
    overwrite_docs                           0x0800100b   Data           0  led_example.o(STM32F10x_INI)
    avg_len_docs                             0x08001056   Data           0  led_example.o(STM32F10x_INI)
    meas_scale_name                          0x08001095   Data           0  led_example.o(STM32F10x_INI)
    meas_scale_docs                          0x080010a0   Data           0  led_example.o(STM32F10x_INI)
    meas_offset_name                         0x080010e7   Data           0  led_example.o(STM32F10x_INI)
    meas_offset_docs                         0x080010f3   Data           0  led_example.o(STM32F10x_INI)
    voltage_ref_name                         0x08001149   Data           0  led_example.o(STM32F10x_INI)
    voltage_ref_docs                         0x0800114f   Data           0  led_example.o(STM32F10x_INI)
    soft_start_name                          0x08001168   Data           0  led_example.o(STM32F10x_INI)
    soft_start_docs                          0x08001177   Data           0  led_example.o(STM32F10x_INI)
    T1_dur_name                              0x080011a6   Data           0  led_example.o(STM32F10x_INI)
    T1_dur_docs                              0x080011ad   Data           0  led_example.o(STM32F10x_INI)
    print_samples_name                       0x080011e7   Data           0  led_example.o(STM32F10x_INI)
    print_samples_docs                       0x080011f5   Data           0  led_example.o(STM32F10x_INI)
    config_param_names                       0x08001270   Data           0  led_example.o(STM32F10x_INI)
    config_param_variables                   0x08001290   Data           0  led_example.o(STM32F10x_INI)
    config_param_docs                        0x080012b0   Data           0  led_example.o(STM32F10x_INI)
    config_end                               0x080012d1   Thumb Code   146  led_example.o(STM32F10x_INI)
    strEqualsWithSpaces                      0x0800138c   Data           0  led_example.o(STM32F10x_INI)
    strDottedSpace                           0x08001390   Data           0  led_example.o(STM32F10x_INI)
    print_configuration                      0x08001397   Thumb Code    98  led_example.o(STM32F10x_INI)
    mux_connect_feedback                     0x08001415   Thumb Code    22  led_example.o(STM32F10x_INI)
    mux_connect_reference                    0x08001441   Thumb Code    50  led_example.o(STM32F10x_INI)
    mux_auto_reference                       0x08001473   Thumb Code    34  led_example.o(STM32F10x_INI)
    start_measurement                        0x080014a5   Thumb Code    74  led_example.o(STM32F10x_INI)
    correct_scale                            0x080014ef   Thumb Code    22  led_example.o(STM32F10x_INI)
    correct_offset                           0x08001505   Thumb Code    12  led_example.o(STM32F10x_INI)
    measurement_finished_handler             0x08001511   Thumb Code   284  led_example.o(STM32F10x_INI)
    print_measurement                        0x0800162d   Thumb Code    90  led_example.o(STM32F10x_INI)
    print_sampling_progress                  0x08001687   Thumb Code    78  led_example.o(STM32F10x_INI)
    t2_to_voltage                            0x080016d5   Thumb Code    28  led_example.o(STM32F10x_INI)
    counts_to_us                             0x080016f1   Thumb Code     6  led_example.o(STM32F10x_INI)
    initTIM                                  0x080016f7   Thumb Code   208  led_example.o(STM32F10x_INI)
    STM32F10x_INI                            0x080018d4   Section      188  gpio.o(STM32F10x_INI)
    $v0                                      0x080018d4   Number         0  gpio.o(STM32F10x_INI)
    STACK                                    0x20000000   Section     1024  startup_stm32f30x.o(STACK)
    mojedata                                 0x20000400   Section      152  led_example.o(mojedata)
    systemTicks                              0x20000400   Data           4  led_example.o(mojedata)
    meas_state                               0x20000404   Data           4  led_example.o(mojedata)
    num2str_result                           0x20000408   Data          12  led_example.o(mojedata)
    t2_counts                                0x20000414   Data           4  led_example.o(mojedata)
    Uin_tenths_mV                            0x20000418   Data           4  led_example.o(mojedata)
    samples_taken                            0x2000041c   Data           4  led_example.o(mojedata)
    error_correction_param_ptr               0x20000420   Data           4  led_example.o(mojedata)
    avg_len                                  0x20000424   Data           4  led_example.o(mojedata)
    overwrite_results                        0x20000428   Data           4  led_example.o(mojedata)
    meas_scale                               0x2000042c   Data           4  led_example.o(mojedata)
    meas_offset                              0x20000430   Data           4  led_example.o(mojedata)
    soft_start_length_us                     0x20000434   Data           4  led_example.o(mojedata)
    voltage_reference_mV                     0x20000438   Data           4  led_example.o(mojedata)
    T1_duration_ms                           0x2000043c   Data           4  led_example.o(mojedata)
    print_samples                            0x20000440   Data           4  led_example.o(mojedata)
    config_state                             0x20000444   Data           4  led_example.o(mojedata)
    ConfigDataBegin                          0x20000448   Data           0  led_example.o(mojedata)
    config_name                              0x20000448   Data          40  led_example.o(mojedata)
    config_value                             0x20000470   Data          40  led_example.o(mojedata)
    ConfigDataEnd                            0x20000498   Data           0  led_example.o(mojedata)

    Global Symbols

    Symbol Name                              Value     Ov Type        Size  Object(Section)

    BuildAttributes$$THM_ISAv4$E$P$D$K$B$S$7EM$VFPi3$EXTD16$VFPS$VFMA$PE$A:L22UL41UL21$X:L11$S22US41US21$IEEE1$IW$USESV6$~STKCKD$USESV7$~SHL$OSPACE$EBA8$MICROLIB$EABIv2 0x00000000   Number         0  anon$$obj.o ABSOLUTE
    __Vectors_Size                           0x00000188   Number         0  startup_stm32f30x.o ABSOLUTE
    __Vectors                                0x08000000   Data           4  startup_stm32f30x.o(RESET)
    Reset_Handler                            0x08000189   Thumb Code     4  startup_stm32f30x.o(.text)
    __Vectors_End                            0x08000188   Data           0  startup_stm32f30x.o(RESET)
    NMI_Handler                              0x0800018d   Thumb Code     2  startup_stm32f30x.o(.text)
    HardFault_Handler                        0x0800018f   Thumb Code     2  startup_stm32f30x.o(.text)
    MemManage_Handler                        0x08000191   Thumb Code     2  startup_stm32f30x.o(.text)
    BusFault_Handler                         0x08000193   Thumb Code     2  startup_stm32f30x.o(.text)
    UsageFault_Handler                       0x08000195   Thumb Code     2  startup_stm32f30x.o(.text)
    SVC_Handler                              0x08000197   Thumb Code     2  startup_stm32f30x.o(.text)
    DebugMon_Handler                         0x08000199   Thumb Code     2  startup_stm32f30x.o(.text)
    PendSV_Handler                           0x0800019b   Thumb Code     2  startup_stm32f30x.o(.text)
    ADC1_2_IRQHandler                        0x0800019f   Thumb Code     0  startup_stm32f30x.o(.text)
    ADC3_IRQHandler                          0x0800019f   Thumb Code     0  startup_stm32f30x.o(.text)
    ADC4_IRQHandler                          0x0800019f   Thumb Code     0  startup_stm32f30x.o(.text)
    CAN1_RX1_IRQHandler                      0x0800019f   Thumb Code     0  startup_stm32f30x.o(.text)
    CAN1_SCE_IRQHandler                      0x0800019f   Thumb Code     0  startup_stm32f30x.o(.text)
    COMP1_2_3_IRQHandler                     0x0800019f   Thumb Code     0  startup_stm32f30x.o(.text)
    COMP4_5_6_IRQHandler                     0x0800019f   Thumb Code     0  startup_stm32f30x.o(.text)
    COMP7_IRQHandler                         0x0800019f   Thumb Code     0  startup_stm32f30x.o(.text)
    DMA1_Channel1_IRQHandler                 0x0800019f   Thumb Code     0  startup_stm32f30x.o(.text)
    DMA1_Channel2_IRQHandler                 0x0800019f   Thumb Code     0  startup_stm32f30x.o(.text)
    DMA1_Channel3_IRQHandler                 0x0800019f   Thumb Code     0  startup_stm32f30x.o(.text)
    DMA1_Channel4_IRQHandler                 0x0800019f   Thumb Code     0  startup_stm32f30x.o(.text)
    DMA1_Channel5_IRQHandler                 0x0800019f   Thumb Code     0  startup_stm32f30x.o(.text)
    DMA1_Channel6_IRQHandler                 0x0800019f   Thumb Code     0  startup_stm32f30x.o(.text)
    DMA1_Channel7_IRQHandler                 0x0800019f   Thumb Code     0  startup_stm32f30x.o(.text)
    DMA2_Channel1_IRQHandler                 0x0800019f   Thumb Code     0  startup_stm32f30x.o(.text)
    DMA2_Channel2_IRQHandler                 0x0800019f   Thumb Code     0  startup_stm32f30x.o(.text)
    DMA2_Channel3_IRQHandler                 0x0800019f   Thumb Code     0  startup_stm32f30x.o(.text)
    DMA2_Channel4_IRQHandler                 0x0800019f   Thumb Code     0  startup_stm32f30x.o(.text)
    DMA2_Channel5_IRQHandler                 0x0800019f   Thumb Code     0  startup_stm32f30x.o(.text)
    EXTI0_IRQHandler                         0x0800019f   Thumb Code     0  startup_stm32f30x.o(.text)
    EXTI15_10_IRQHandler                     0x0800019f   Thumb Code     0  startup_stm32f30x.o(.text)
    EXTI1_IRQHandler                         0x0800019f   Thumb Code     0  startup_stm32f30x.o(.text)
    EXTI2_TS_IRQHandler                      0x0800019f   Thumb Code     0  startup_stm32f30x.o(.text)
    EXTI3_IRQHandler                         0x0800019f   Thumb Code     0  startup_stm32f30x.o(.text)
    EXTI4_IRQHandler                         0x0800019f   Thumb Code     0  startup_stm32f30x.o(.text)
    EXTI9_5_IRQHandler                       0x0800019f   Thumb Code     0  startup_stm32f30x.o(.text)
    FLASH_IRQHandler                         0x0800019f   Thumb Code     0  startup_stm32f30x.o(.text)
    FPU_IRQHandler                           0x0800019f   Thumb Code     0  startup_stm32f30x.o(.text)
    I2C1_ER_IRQHandler                       0x0800019f   Thumb Code     0  startup_stm32f30x.o(.text)
    I2C1_EV_IRQHandler                       0x0800019f   Thumb Code     0  startup_stm32f30x.o(.text)
    I2C2_ER_IRQHandler                       0x0800019f   Thumb Code     0  startup_stm32f30x.o(.text)
    I2C2_EV_IRQHandler                       0x0800019f   Thumb Code     0  startup_stm32f30x.o(.text)
    PVD_IRQHandler                           0x0800019f   Thumb Code     0  startup_stm32f30x.o(.text)
    RCC_IRQHandler                           0x0800019f   Thumb Code     0  startup_stm32f30x.o(.text)
    RTC_Alarm_IRQHandler                     0x0800019f   Thumb Code     0  startup_stm32f30x.o(.text)
    RTC_WKUP_IRQHandler                      0x0800019f   Thumb Code     0  startup_stm32f30x.o(.text)
    SPI1_IRQHandler                          0x0800019f   Thumb Code     0  startup_stm32f30x.o(.text)
    SPI2_IRQHandler                          0x0800019f   Thumb Code     0  startup_stm32f30x.o(.text)
    SPI3_IRQHandler                          0x0800019f   Thumb Code     0  startup_stm32f30x.o(.text)
    TAMPER_STAMP_IRQHandler                  0x0800019f   Thumb Code     0  startup_stm32f30x.o(.text)
    TIM1_BRK_TIM15_IRQHandler                0x0800019f   Thumb Code     0  startup_stm32f30x.o(.text)
    TIM1_CC_IRQHandler                       0x0800019f   Thumb Code     0  startup_stm32f30x.o(.text)
    TIM1_TRG_COM_TIM17_IRQHandler            0x0800019f   Thumb Code     0  startup_stm32f30x.o(.text)
    TIM1_UP_TIM16_IRQHandler                 0x0800019f   Thumb Code     0  startup_stm32f30x.o(.text)
    TIM3_IRQHandler                          0x0800019f   Thumb Code     0  startup_stm32f30x.o(.text)
    TIM4_IRQHandler                          0x0800019f   Thumb Code     0  startup_stm32f30x.o(.text)
    TIM6_DAC_IRQHandler                      0x0800019f   Thumb Code     0  startup_stm32f30x.o(.text)
    TIM8_BRK_IRQHandler                      0x0800019f   Thumb Code     0  startup_stm32f30x.o(.text)
    TIM8_CC_IRQHandler                       0x0800019f   Thumb Code     0  startup_stm32f30x.o(.text)
    TIM8_TRG_COM_IRQHandler                  0x0800019f   Thumb Code     0  startup_stm32f30x.o(.text)
    TIM8_UP_IRQHandler                       0x0800019f   Thumb Code     0  startup_stm32f30x.o(.text)
    UART4_IRQHandler                         0x0800019f   Thumb Code     0  startup_stm32f30x.o(.text)
    UART5_IRQHandler                         0x0800019f   Thumb Code     0  startup_stm32f30x.o(.text)
    USART1_IRQHandler                        0x0800019f   Thumb Code     0  startup_stm32f30x.o(.text)
    USART3_IRQHandler                        0x0800019f   Thumb Code     0  startup_stm32f30x.o(.text)
    USBWakeUp_IRQHandler                     0x0800019f   Thumb Code     0  startup_stm32f30x.o(.text)
    USBWakeUp_RMP_IRQHandler                 0x0800019f   Thumb Code     0  startup_stm32f30x.o(.text)
    USB_HP_CAN1_TX_IRQHandler                0x0800019f   Thumb Code     0  startup_stm32f30x.o(.text)
    USB_HP_IRQHandler                        0x0800019f   Thumb Code     0  startup_stm32f30x.o(.text)
    USB_LP_CAN1_RX0_IRQHandler               0x0800019f   Thumb Code     0  startup_stm32f30x.o(.text)
    USB_LP_IRQHandler                        0x0800019f   Thumb Code     0  startup_stm32f30x.o(.text)
    WWDG_IRQHandler                          0x0800019f   Thumb Code     0  startup_stm32f30x.o(.text)
    __use_two_region_memory                  0x08000915   Data           0  led_example.o(STM32F10x_INI)
    __main                                   0x08000919   Thumb Code     0  led_example.o(STM32F10x_INI)
    time_elapsed_fun                         0x08000a23   Thumb Code    18  led_example.o(STM32F10x_INI)
    SysTick_Handler                          0x08000a59   Thumb Code    16  led_example.o(STM32F10x_INI)
    GetTick                                  0x08000a69   Thumb Code     6  led_example.o(STM32F10x_INI)
    print_header                             0x08000a6f   Thumb Code    52  led_example.o(STM32F10x_INI)
    print_char                               0x08000ab5   Thumb Code    22  led_example.o(STM32F10x_INI)
    print_string                             0x08000b4d   Thumb Code    12  led_example.o(STM32F10x_INI)
    USART2_IRQHandler                        0x08000d55   Thumb Code   314  led_example.o(STM32F10x_INI)
    TIM7_IRQHandler                          0x080017c7   Thumb Code    88  led_example.o(STM32F10x_INI)
    TIM2_IRQHandler                          0x0800181f   Thumb Code    44  led_example.o(STM32F10x_INI)
    GPIO_INIT                                0x080018fd   Thumb Code   124  gpio.o(STM32F10x_INI)
    __initial_sp                             0x20000400   Data           0  startup_stm32f30x.o(STACK)



==============================================================================

Memory Map of the image

  Image Entry point : 0x08000919

  Load Region LR_IROM1 (Base: 0x08000000, Size: 0x00001990, Max: 0x00040000, ABSOLUTE)

    Execution Region ER_IROM1 (Base: 0x08000000, Size: 0x00001990, Max: 0x00040000, ABSOLUTE)

    Base Addr    Size         Type   Attr      Idx    E Section Name        Object

    0x08000000   0x00000188   Data   RO            3    RESET               startup_stm32f30x.o
    0x08000188   0x0000001c   Code   RO            4    .text               startup_stm32f30x.o
    0x080001a4   0x00001730   Code   RO           12  * STM32F10x_INI       led_example.o
    0x080018d4   0x000000bc   Code   RO           21    STM32F10x_INI       gpio.o


    Execution Region RW_IRAM1 (Base: 0x20000000, Size: 0x00000498, Max: 0x0000a000, ABSOLUTE)

    Base Addr    Size         Type   Attr      Idx    E Section Name        Object

    0x20000000   0x00000400   Zero   RW            1    STACK               startup_stm32f30x.o
    0x20000400   0x00000098   Zero   RW           10    mojedata            led_example.o


==============================================================================

Image component sizes


      Code (inc. data)   RO Data    RW Data    ZI Data      Debug   Object Name

       188         28          0          0          0        440   gpio.o
      5936       3080          0          0        152       2948   led_example.o
        28          4        392          0       1024        796   startup_stm32f30x.o

    ----------------------------------------------------------------------
      6152       3112        392          0       1176       4184   Object Totals
         0          0          0          0          0          0   (incl. Generated)
         0          0          0          0          0          0   (incl. Padding)

    ----------------------------------------------------------------------
         0          0          0          0          0          0   Library Totals
         0          0          0          0          0          0   (incl. Padding)

    ----------------------------------------------------------------------

==============================================================================


      Code (inc. data)   RO Data    RW Data    ZI Data      Debug   

      6152       3112        392          0       1176       3984   Grand Totals
      6152       3112        392          0       1176       3984   ELF Image Totals
      6152       3112        392          0          0          0   ROM Totals

==============================================================================

    Total RO  Size (Code + RO Data)                 6544 (   6.39kB)
    Total RW  Size (RW Data + ZI Data)              1176 (   1.15kB)
    Total ROM Size (Code + RO Data + RW Data)       6544 (   6.39kB)

==============================================================================

