<html>
<body>
<pre>
<h1>µVision Build Log</h1>
<h2>Project:</h2>
C:\Users\vomi\source\repos\VSY\3_test_reakce\f303rc_asm_simple_example.uvproj
Project File Date:  10/01/2021

<h2>Output:</h2>
Build target 'f303rc'
assembling led_example.s...
linking...
.\f303rc_asm_simple_example.sct(8): warning: L6314W: No section matches pattern *(InRoot$$Sections).
Program Size: Code=784 RO-data=392 RW-data=0 ZI-data=1052  
Finished: 0 information, 1 warning and 0 error messages.
FromELF: creating hex file...
".\f303rc_asm_simple_example.axf" - 0 Error(s), 1 Warning(s).
Load "C:\\Users\\vomi\\source\\repos\\VSY\\3_test_reakce\\f303rc_asm_simple_example.axf" 
Erase Done.
Programming Done.
Verify OK.
</pre>
</body>
</html>
 Branch offset 0x00000106 out of range of 16-bit Thumb branch, but offset encodable in 32-bit Thumb branch
led_example.s:     at line 100 in macro if_false in 'led_example.s'
led_example.s: 
".\f303rc_asm_simple_example.axf" - 3 Error(s), 0 Warning(s).
Target not created
Load "C:\\Users\\vomi\\source\\repos\\VSY\\3_test_reakce\\f303rc_asm_simple_example.axf" 
_____^
*** error 56: cannot open file
Error: Flash Download failed  -  Could not load file 'C:\Users\vomi\source\repos\VSY\3_test_reakce\f303rc_asm_simple_example.axf'
e.axf" - 0 Error(s), 5 Warning(s).
.s'
led_example.s: 
".\f303rc_asm_simple_example.axf" - 6 Error(s), 1 Warning(s).
Target not created
nge(0 - 0xff) for (R_ARM_ABS8)
Finished: 0 information, 0 warning and 6 error messages.
".\f303rc_asm_simple_example.axf" - 6 Error(s), 0 Warning(s).
Target not created
