ARM Linker, 5.03 [Build 76] [MDK-ARM Lite]

==============================================================================

Section Cross References

    startup_stm32f30x.o(RESET) refers to startup_stm32f30x.o(STACK) for __initial_sp
    startup_stm32f30x.o(RESET) refers to startup_stm32f30x.o(.text) for Reset_Handler
    startup_stm32f30x.o(RESET) refers to led_example.o(STM32F10x_INI) for SysTick_Handler
    startup_stm32f30x.o(.text) refers to led_example.o(STM32F10x_INI) for __main
    led_example.o(STM32F10x_INI) refers to led_example.o(mojedata) for systemTicks


==============================================================================

Removing Unused input sections from the image.

    Removing startup_stm32f30x.o(HEAP), (512 bytes).
    Removing led_example.o(STM32F3xx), (0 bytes).
    Removing stm32f303xe.o(STM32F10x_INI), (0 bytes).

3 unused section(s) (total 512 bytes) removed from the image.

==============================================================================

Image Symbol Table

    Local Symbols

    Symbol Name                              Value     Ov Type        Size  Object(Section)

    led_example.s                            0x00000000   Number         0  led_example.o ABSOLUTE
    startup_stm32f30x.s                      0x00000000   Number         0  startup_stm32f30x.o ABSOLUTE
    stm32f303xe.s                            0x00000000   Number         0  stm32f303xe.o ABSOLUTE
    RESET                                    0x08000000   Section      392  startup_stm32f30x.o(RESET)
    .text                                    0x08000188   Section       28  startup_stm32f30x.o(.text)
    $v0                                      0x08000188   Number         0  startup_stm32f30x.o(.text)
    STM32F10x_INI                            0x080001a4   Section      832  led_example.o(STM32F10x_INI)
    $v0                                      0x080001a4   Number         0  led_example.o(STM32F10x_INI)
    fsm_tick                                 0x080001cb   Thumb Code   338  led_example.o(STM32F10x_INI)
    FSM_CASE_TABLE                           0x0800031c   Data           0  led_example.o(STM32F10x_INI)
    initialize_fsm                           0x08000329   Thumb Code   102  led_example.o(STM32F10x_INI)
    calculate_test_length                    0x0800038f   Thumb Code    32  led_example.o(STM32F10x_INI)
    fsm_transition                           0x080003af   Thumb Code    22  led_example.o(STM32F10x_INI)
    is_button_pressed                        0x080003c5   Thumb Code    22  led_example.o(STM32F10x_INI)
    sample_button                            0x080003db   Thumb Code    36  led_example.o(STM32F10x_INI)
    button_stable_for                        0x080003ff   Thumb Code    14  led_example.o(STM32F10x_INI)
    systick_hook                             0x0800040d   Thumb Code    16  led_example.o(STM32F10x_INI)
    time_elapsed_fun                         0x0800042f   Thumb Code    24  led_example.o(STM32F10x_INI)
    SYSTICK_INIT                             0x08000447   Thumb Code    32  led_example.o(STM32F10x_INI)
    GPIO_INIT                                0x0800047d   Thumb Code    36  led_example.o(STM32F10x_INI)
    STACK                                    0x20000000   Section     1024  startup_stm32f30x.o(STACK)
    mojedata                                 0x20000400   Section       32  led_example.o(mojedata)
    systemTicks                              0x20000400   Data           4  led_example.o(mojedata)
    lastTransition                           0x20000404   Data           4  led_example.o(mojedata)
    currentState                             0x20000408   Data           4  led_example.o(mojedata)
    last_led_update                          0x2000040c   Data           4  led_example.o(mojedata)
    last_button_update                       0x20000410   Data           4  led_example.o(mojedata)
    last_button_value                        0x20000414   Data           4  led_example.o(mojedata)
    seen_released_button                     0x20000418   Data           4  led_example.o(mojedata)
    test_length                              0x2000041c   Data           4  led_example.o(mojedata)

    Global Symbols

    Symbol Name                              Value     Ov Type        Size  Object(Section)

    BuildAttributes$$THM_ISAv4$E$P$D$K$B$S$7EM$VFPi3$EXTD16$VFPS$VFMA$PE$A:L22UL41UL21$X:L11$S22US41US21$IEEE1$IW$USESV6$~STKCKD$USESV7$~SHL$OSPACE$EBA8$MICROLIB$EABIv2 0x00000000   Number         0  anon$$obj.o ABSOLUTE
    __Vectors_Size                           0x00000188   Number         0  startup_stm32f30x.o ABSOLUTE
    __Vectors                                0x08000000   Data           4  startup_stm32f30x.o(RESET)
    Reset_Handler                            0x08000189   Thumb Code     4  startup_stm32f30x.o(.text)
    __Vectors_End                            0x08000188   Data           0  startup_stm32f30x.o(RESET)
    NMI_Handler                              0x0800018d   Thumb Code     2  startup_stm32f30x.o(.text)
    HardFault_Handler                        0x0800018f   Thumb Code     2  startup_stm32f30x.o(.text)
    MemManage_Handler                        0x08000191   Thumb Code     2  startup_stm32f30x.o(.text)
    BusFault_Handler                         0x08000193   Thumb Code     2  startup_stm32f30x.o(.text)
    UsageFault_Handler                       0x08000195   Thumb Code     2  startup_stm32f30x.o(.text)
    SVC_Handler                              0x08000197   Thumb Code     2  startup_stm32f30x.o(.text)
    DebugMon_Handler                         0x08000199   Thumb Code     2  startup_stm32f30x.o(.text)
    PendSV_Handler                           0x0800019b   Thumb Code     2  startup_stm32f30x.o(.text)
    ADC1_2_IRQHandler                        0x0800019f   Thumb Code     0  startup_stm32f30x.o(.text)
    ADC3_IRQHandler                          0x0800019f   Thumb Code     0  startup_stm32f30x.o(.text)
    ADC4_IRQHandler                          0x0800019f   Thumb Code     0  startup_stm32f30x.o(.text)
    CAN1_RX1_IRQHandler                      0x0800019f   Thumb Code     0  startup_stm32f30x.o(.text)
    CAN1_SCE_IRQHandler                      0x0800019f   Thumb Code     0  startup_stm32f30x.o(.text)
    COMP1_2_3_IRQHandler                     0x0800019f   Thumb Code     0  startup_stm32f30x.o(.text)
    COMP4_5_6_IRQHandler                     0x0800019f   Thumb Code     0  startup_stm32f30x.o(.text)
    COMP7_IRQHandler                         0x0800019f   Thumb Code     0  startup_stm32f30x.o(.text)
    DMA1_Channel1_IRQHandler                 0x0800019f   Thumb Code     0  startup_stm32f30x.o(.text)
    DMA1_Channel2_IRQHandler                 0x0800019f   Thumb Code     0  startup_stm32f30x.o(.text)
    DMA1_Channel3_IRQHandler                 0x0800019f   Thumb Code     0  startup_stm32f30x.o(.text)
    DMA1_Channel4_IRQHandler                 0x0800019f   Thumb Code     0  startup_stm32f30x.o(.text)
    DMA1_Channel5_IRQHandler                 0x0800019f   Thumb Code     0  startup_stm32f30x.o(.text)
    DMA1_Channel6_IRQHandler                 0x0800019f   Thumb Code     0  startup_stm32f30x.o(.text)
    DMA1_Channel7_IRQHandler                 0x0800019f   Thumb Code     0  startup_stm32f30x.o(.text)
    DMA2_Channel1_IRQHandler                 0x0800019f   Thumb Code     0  startup_stm32f30x.o(.text)
    DMA2_Channel2_IRQHandler                 0x0800019f   Thumb Code     0  startup_stm32f30x.o(.text)
    DMA2_Channel3_IRQHandler                 0x0800019f   Thumb Code     0  startup_stm32f30x.o(.text)
    DMA2_Channel4_IRQHandler                 0x0800019f   Thumb Code     0  startup_stm32f30x.o(.text)
    DMA2_Channel5_IRQHandler                 0x0800019f   Thumb Code     0  startup_stm32f30x.o(.text)
    EXTI0_IRQHandler                         0x0800019f   Thumb Code     0  startup_stm32f30x.o(.text)
    EXTI15_10_IRQHandler                     0x0800019f   Thumb Code     0  startup_stm32f30x.o(.text)
    EXTI1_IRQHandler                         0x0800019f   Thumb Code     0  startup_stm32f30x.o(.text)
    EXTI2_TS_IRQHandler                      0x0800019f   Thumb Code     0  startup_stm32f30x.o(.text)
    EXTI3_IRQHandler                         0x0800019f   Thumb Code     0  startup_stm32f30x.o(.text)
    EXTI4_IRQHandler                         0x0800019f   Thumb Code     0  startup_stm32f30x.o(.text)
    EXTI9_5_IRQHandler                       0x0800019f   Thumb Code     0  startup_stm32f30x.o(.text)
    FLASH_IRQHandler                         0x0800019f   Thumb Code     0  startup_stm32f30x.o(.text)
    FPU_IRQHandler                           0x0800019f   Thumb Code     0  startup_stm32f30x.o(.text)
    I2C1_ER_IRQHandler                       0x0800019f   Thumb Code     0  startup_stm32f30x.o(.text)
    I2C1_EV_IRQHandler                       0x0800019f   Thumb Code     0  startup_stm32f30x.o(.text)
    I2C2_ER_IRQHandler                       0x0800019f   Thumb Code     0  startup_stm32f30x.o(.text)
    I2C2_EV_IRQHandler                       0x0800019f   Thumb Code     0  startup_stm32f30x.o(.text)
    PVD_IRQHandler                           0x0800019f   Thumb Code     0  startup_stm32f30x.o(.text)
    RCC_IRQHandler                           0x0800019f   Thumb Code     0  startup_stm32f30x.o(.text)
    RTC_Alarm_IRQHandler                     0x0800019f   Thumb Code     0  startup_stm32f30x.o(.text)
    RTC_WKUP_IRQHandler                      0x0800019f   Thumb Code     0  startup_stm32f30x.o(.text)
    SPI1_IRQHandler                          0x0800019f   Thumb Code     0  startup_stm32f30x.o(.text)
    SPI2_IRQHandler                          0x0800019f   Thumb Code     0  startup_stm32f30x.o(.text)
    SPI3_IRQHandler                          0x0800019f   Thumb Code     0  startup_stm32f30x.o(.text)
    TAMPER_STAMP_IRQHandler                  0x0800019f   Thumb Code     0  startup_stm32f30x.o(.text)
    TIM1_BRK_TIM15_IRQHandler                0x0800019f   Thumb Code     0  startup_stm32f30x.o(.text)
    TIM1_CC_IRQHandler                       0x0800019f   Thumb Code     0  startup_stm32f30x.o(.text)
    TIM1_TRG_COM_TIM17_IRQHandler            0x0800019f   Thumb Code     0  startup_stm32f30x.o(.text)
    TIM1_UP_TIM16_IRQHandler                 0x0800019f   Thumb Code     0  startup_stm32f30x.o(.text)
    TIM2_IRQHandler                          0x0800019f   Thumb Code     0  startup_stm32f30x.o(.text)
    TIM3_IRQHandler                          0x0800019f   Thumb Code     0  startup_stm32f30x.o(.text)
    TIM4_IRQHandler                          0x0800019f   Thumb Code     0  startup_stm32f30x.o(.text)
    TIM6_DAC_IRQHandler                      0x0800019f   Thumb Code     0  startup_stm32f30x.o(.text)
    TIM7_IRQHandler                          0x0800019f   Thumb Code     0  startup_stm32f30x.o(.text)
    TIM8_BRK_IRQHandler                      0x0800019f   Thumb Code     0  startup_stm32f30x.o(.text)
    TIM8_CC_IRQHandler                       0x0800019f   Thumb Code     0  startup_stm32f30x.o(.text)
    TIM8_TRG_COM_IRQHandler                  0x0800019f   Thumb Code     0  startup_stm32f30x.o(.text)
    TIM8_UP_IRQHandler                       0x0800019f   Thumb Code     0  startup_stm32f30x.o(.text)
    UART4_IRQHandler                         0x0800019f   Thumb Code     0  startup_stm32f30x.o(.text)
    UART5_IRQHandler                         0x0800019f   Thumb Code     0  startup_stm32f30x.o(.text)
    USART1_IRQHandler                        0x0800019f   Thumb Code     0  startup_stm32f30x.o(.text)
    USART2_IRQHandler                        0x0800019f   Thumb Code     0  startup_stm32f30x.o(.text)
    USART3_IRQHandler                        0x0800019f   Thumb Code     0  startup_stm32f30x.o(.text)
    USBWakeUp_IRQHandler                     0x0800019f   Thumb Code     0  startup_stm32f30x.o(.text)
    USBWakeUp_RMP_IRQHandler                 0x0800019f   Thumb Code     0  startup_stm32f30x.o(.text)
    USB_HP_CAN1_TX_IRQHandler                0x0800019f   Thumb Code     0  startup_stm32f30x.o(.text)
    USB_HP_IRQHandler                        0x0800019f   Thumb Code     0  startup_stm32f30x.o(.text)
    USB_LP_CAN1_RX0_IRQHandler               0x0800019f   Thumb Code     0  startup_stm32f30x.o(.text)
    USB_LP_IRQHandler                        0x0800019f   Thumb Code     0  startup_stm32f30x.o(.text)
    WWDG_IRQHandler                          0x0800019f   Thumb Code     0  startup_stm32f30x.o(.text)
    __main                                   0x080001a5   Thumb Code     0  led_example.o(STM32F10x_INI)
    __use_two_region_memory                  0x080001a5   Thumb Code     0  led_example.o(STM32F10x_INI)
    SysTick_Handler                          0x08000467   Thumb Code    22  led_example.o(STM32F10x_INI)
    __initial_sp                             0x20000400   Data           0  startup_stm32f30x.o(STACK)



==============================================================================

Memory Map of the image

  Image Entry point : 0x080001a5

  Load Region LR_IROM1 (Base: 0x08000000, Size: 0x000004e4, Max: 0x00040000, ABSOLUTE)

    Execution Region ER_IROM1 (Base: 0x08000000, Size: 0x000004e4, Max: 0x00040000, ABSOLUTE)

    Base Addr    Size         Type   Attr      Idx    E Section Name        Object

    0x08000000   0x00000188   Data   RO            3    RESET               startup_stm32f30x.o
    0x08000188   0x0000001c   Code   RO            4    .text               startup_stm32f30x.o
    0x080001a4   0x00000340   Code   RO           12  * STM32F10x_INI       led_example.o


    Execution Region RW_IRAM1 (Base: 0x20000000, Size: 0x00000420, Max: 0x0000a000, ABSOLUTE)

    Base Addr    Size         Type   Attr      Idx    E Section Name        Object

    0x20000000   0x00000400   Zero   RW            1    STACK               startup_stm32f30x.o
    0x20000400   0x00000020   Zero   RW           10    mojedata            led_example.o


==============================================================================

Image component sizes


      Code (inc. data)   RO Data    RW Data    ZI Data      Debug   Object Name

       832         80          0          0         32        976   led_example.o
        28          4        392          0       1024        788   startup_stm32f30x.o

    ----------------------------------------------------------------------
       860         84        392          0       1056       1764   Object Totals
         0          0          0          0          0          0   (incl. Generated)
         0          0          0          0          0          0   (incl. Padding)

    ----------------------------------------------------------------------
         0          0          0          0          0          0   Library Totals
         0          0          0          0          0          0   (incl. Padding)

    ----------------------------------------------------------------------

==============================================================================


      Code (inc. data)   RO Data    RW Data    ZI Data      Debug   

       860         84        392          0       1056       1664   Grand Totals
       860         84        392          0       1056       1664   ELF Image Totals
       860         84        392          0          0          0   ROM Totals

==============================================================================

    Total RO  Size (Code + RO Data)                 1252 (   1.22kB)
    Total RW  Size (RW Data + ZI Data)              1056 (   1.03kB)
    Total ROM Size (Code + RO Data + RW Data)       1252 (   1.22kB)

==============================================================================

