ARM Linker, 5.03 [Build 76] [MDK-ARM Lite]

==============================================================================

Section Cross References

    startup_stm32f30x.o(RESET) refers to startup_stm32f30x.o(STACK) for __initial_sp
    startup_stm32f30x.o(RESET) refers to startup_stm32f30x.o(.text) for Reset_Handler
    startup_stm32f30x.o(RESET) refers to led_example.o(STM32F10x_INI) for SysTick_Handler
    startup_stm32f30x.o(.text) refers to led_example.o(STM32F10x_INI) for __main
    led_example.o(STM32F10x_INI) refers to gpio.o(STM32F10x_INI) for GPIO_INIT
    led_example.o(STM32F10x_INI) refers to led_example.o(SPI_driver) for initSPI
    led_example.o(STM32F10x_INI) refers to led_example.o(mojedata) for systemTicks
    led_example.o(STM32F10x_INI) refers to led_example.o(SPI_data) for rgb_color
    led_example.o(SPI_driver) refers to led_example.o(SPI_data) for rgb_color
    led_example.o(SPI_driver) refers to led_example.o(mojedata) for rgb_brightness
    gpio.o(STM32F10x_INI) refers to led_example.o(STM32F10x_INI) for time_elapsed_fun
    gpio.o(STM32F10x_INI) refers to gpio.o(GPIO_DATA) for ButtonData


==============================================================================

Removing Unused input sections from the image.

    Removing startup_stm32f30x.o(HEAP), (512 bytes).
    Removing led_example.o(STM32F3xx), (0 bytes).
    Removing stm32f303xe.o(STM32F10x_INI), (40 bytes).
    Removing gpio.o(GPIO_Driver), (0 bytes).

4 unused section(s) (total 552 bytes) removed from the image.

==============================================================================

Image Symbol Table

    Local Symbols

    Symbol Name                              Value     Ov Type        Size  Object(Section)

    GPIO.s                                   0x00000000   Number         0  gpio.o ABSOLUTE
    led_example.s                            0x00000000   Number         0  led_example.o ABSOLUTE
    startup_stm32f30x.s                      0x00000000   Number         0  startup_stm32f30x.o ABSOLUTE
    stm32f303xe.s                            0x00000000   Number         0  stm32f303xe.o ABSOLUTE
    RESET                                    0x08000000   Section      392  startup_stm32f30x.o(RESET)
    .text                                    0x08000188   Section       28  startup_stm32f30x.o(.text)
    $v0                                      0x08000188   Number         0  startup_stm32f30x.o(.text)
    SPI_driver                               0x080001a4   Section      352  led_example.o(SPI_driver)
    $v0                                      0x080001a4   Number         0  led_example.o(SPI_driver)
    rgbDisplay                               0x080001a5   Thumb Code   148  led_example.o(SPI_driver)
    initDMA                                  0x08000239   Thumb Code    60  led_example.o(SPI_driver)
    initSPI                                  0x08000275   Thumb Code    92  led_example.o(SPI_driver)
    STM32F10x_INI                            0x08000304   Section     5272  led_example.o(STM32F10x_INI)
    $v0                                      0x08000304   Number         0  led_example.o(STM32F10x_INI)
    nvic_enable_irq                          0x08000305   Thumb Code    36  led_example.o(STM32F10x_INI)
    strNoSeriesToEnd                         0x0800032c   Data           0  led_example.o(STM32F10x_INI)
    strSeriesAlreadyStarted                  0x0800034e   Data           0  led_example.o(STM32F10x_INI)
    strCommandReceived                       0x080003a6   Data           0  led_example.o(STM32F10x_INI)
    strNotRecognized                         0x080003b9   Data           0  led_example.o(STM32F10x_INI)
    strLineBreak                             0x080003d3   Data           0  led_example.o(STM32F10x_INI)
    strNA                                    0x080003d6   Data           0  led_example.o(STM32F10x_INI)
    strNoTestInProgress                      0x080003da   Data           0  led_example.o(STM32F10x_INI)
    welcomeMessage                           0x0800042a   Data           0  led_example.o(STM32F10x_INI)
    pausedMessage                            0x0800047f   Data           0  led_example.o(STM32F10x_INI)
    resumedMessage1                          0x08000495   Data           0  led_example.o(STM32F10x_INI)
    resumedMessage2                          0x080004b0   Data           0  led_example.o(STM32F10x_INI)
    startMessage                             0x080004ca   Data           0  led_example.o(STM32F10x_INI)
    statsMessage1                            0x080004da   Data           0  led_example.o(STM32F10x_INI)
    statsMessage2                            0x080004f5   Data           0  led_example.o(STM32F10x_INI)
    statsMessage3                            0x08000503   Data           0  led_example.o(STM32F10x_INI)
    statsMessage4                            0x08000515   Data           0  led_example.o(STM32F10x_INI)
    statsMessageSide1                        0x08000524   Data           0  led_example.o(STM32F10x_INI)
    statsMessageSide2                        0x0800052f   Data           0  led_example.o(STM32F10x_INI)
    statsMessageSide3                        0x08000538   Data           0  led_example.o(STM32F10x_INI)
    statsMessageSide4                        0x08000544   Data           0  led_example.o(STM32F10x_INI)
    statsMessageSide5                        0x08000558   Data           0  led_example.o(STM32F10x_INI)
    statsMessageSide6                        0x08000566   Data           0  led_example.o(STM32F10x_INI)
    strWaiting                               0x08000572   Data           0  led_example.o(STM32F10x_INI)
    strLeft                                  0x0800058d   Data           0  led_example.o(STM32F10x_INI)
    strRight                                 0x08000592   Data           0  led_example.o(STM32F10x_INI)
    strMiddle                                0x08000598   Data           0  led_example.o(STM32F10x_INI)
    strFailure                               0x0800059f   Data           0  led_example.o(STM32F10x_INI)
    strTooLate                               0x080005be   Data           0  led_example.o(STM32F10x_INI)
    strTooSoon1                              0x080005de   Data           0  led_example.o(STM32F10x_INI)
    strTooSoon2                              0x080005eb   Data           0  led_example.o(STM32F10x_INI)
    strBadButton1                            0x080005f5   Data           0  led_example.o(STM32F10x_INI)
    strBadButton2                            0x08000612   Data           0  led_example.o(STM32F10x_INI)
    strSuccess                               0x0800061c   Data           0  led_example.o(STM32F10x_INI)
    strMilliseconds                          0x0800064f   Data           0  led_example.o(STM32F10x_INI)
    strNewBestTime                           0x08000653   Data           0  led_example.o(STM32F10x_INI)
    strTestEnded                             0x08000682   Data           0  led_example.o(STM32F10x_INI)
    strNewTest1                              0x08000690   Data           0  led_example.o(STM32F10x_INI)
    strNewTest2                              0x080006ae   Data           0  led_example.o(STM32F10x_INI)
    strCannotConfig                          0x080006c0   Data           0  led_example.o(STM32F10x_INI)
    strConfigStarted                         0x08000705   Data           0  led_example.o(STM32F10x_INI)
    strConfigParamNotRecognized1             0x0800078f   Data           0  led_example.o(STM32F10x_INI)
    strConfigParamNotRecognized2             0x0800079b   Data           0  led_example.o(STM32F10x_INI)
    strConfigValueSet1                       0x080007c9   Data           0  led_example.o(STM32F10x_INI)
    strConfigValueSet2                       0x080007d5   Data           0  led_example.o(STM32F10x_INI)
    strConfigValueSet3                       0x080007ed   Data           0  led_example.o(STM32F10x_INI)
    strReceivedConfigString                  0x080007f1   Data           0  led_example.o(STM32F10x_INI)
    update_leds                              0x080008b3   Thumb Code    32  led_example.o(STM32F10x_INI)
    generate_next_test                       0x080008d3   Thumb Code   118  led_example.o(STM32F10x_INI)
    get_random_led                           0x08000949   Thumb Code    16  led_example.o(STM32F10x_INI)
    fsm_tick                                 0x08000999   Thumb Code   208  led_example.o(STM32F10x_INI)
    FSM_CASE_TABLE                           0x08000a68   Data           0  led_example.o(STM32F10x_INI)
    all_buttons_stable                       0x08000a71   Thumb Code    50  led_example.o(STM32F10x_INI)
    handle_buttons                           0x08000aa3   Thumb Code   208  led_example.o(STM32F10x_INI)
    BUTTON_STATE_TABLE                       0x08000b64   Data           0  led_example.o(STM32F10x_INI)
    process_reaction                         0x08000b73   Thumb Code    44  led_example.o(STM32F10x_INI)
    series_in_progress                       0x08000b9f   Thumb Code    40  led_example.o(STM32F10x_INI)
    start_series                             0x08000bc7   Thumb Code   106  led_example.o(STM32F10x_INI)
    calculate_avg_reaction_time              0x08000c85   Thumb Code    32  led_example.o(STM32F10x_INI)
    print_stats_of_side                      0x08000ca5   Thumb Code   236  led_example.o(STM32F10x_INI)
    print_stats                              0x08000d91   Thumb Code   146  led_example.o(STM32F10x_INI)
    end_series                               0x08000e23   Thumb Code   100  led_example.o(STM32F10x_INI)
    handle_failure                           0x08000e9d   Thumb Code   152  led_example.o(STM32F10x_INI)
    handle_hit                               0x08000fd1   Thumb Code   174  led_example.o(STM32F10x_INI)
    toggle_pause_state                       0x0800107f   Thumb Code   130  led_example.o(STM32F10x_INI)
    random                                   0x08001101   Thumb Code    32  led_example.o(STM32F10x_INI)
    fsm_transition                           0x08001121   Thumb Code    22  led_example.o(STM32F10x_INI)
    systick_hook                             0x08001137   Thumb Code     2  led_example.o(STM32F10x_INI)
    get_time_elapsed                         0x0800114b   Thumb Code    14  led_example.o(STM32F10x_INI)
    SYSTICK_INIT                             0x0800116b   Thumb Code    36  led_example.o(STM32F10x_INI)
    print_repeated_char                      0x08001209   Thumb Code    18  led_example.o(STM32F10x_INI)
    print_padded_string                      0x08001231   Thumb Code    46  led_example.o(STM32F10x_INI)
    strcmp                                   0x080012dd   Thumb Code    38  led_example.o(STM32F10x_INI)
    strchr                                   0x08001303   Thumb Code    24  led_example.o(STM32F10x_INI)
    index_in_string                          0x0800131b   Thumb Code    26  led_example.o(STM32F10x_INI)
    digitArray                               0x08001334   Data           0  led_example.o(STM32F10x_INI)
    str2num                                  0x0800135d   Thumb Code    44  led_example.o(STM32F10x_INI)
    num2str                                  0x08001389   Thumb Code   108  led_example.o(STM32F10x_INI)
    reverse_string                           0x080013f5   Thumb Code    46  led_example.o(STM32F10x_INI)
    strlen                                   0x08001423   Thumb Code    22  led_example.o(STM32F10x_INI)
    to_upper                                 0x08001439   Thumb Code    30  led_example.o(STM32F10x_INI)
    apostrophSpaceParen                      0x08001456   Data           0  led_example.o(STM32F10x_INI)
    handle_new_config_char                   0x0800145d   Thumb Code   190  led_example.o(STM32F10x_INI)
    config_start                             0x080015c5   Thumb Code    58  led_example.o(STM32F10x_INI)
    test_length_min_name                     0x080015fe   Data           0  led_example.o(STM32F10x_INI)
    test_length_max_name                     0x0800160e   Data           0  led_example.o(STM32F10x_INI)
    idle_blink_period_name                   0x0800161e   Data           0  led_example.o(STM32F10x_INI)
    press_timeout_name                       0x08001630   Data           0  led_example.o(STM32F10x_INI)
    rgb_brightness_name                      0x0800163e   Data           0  led_example.o(STM32F10x_INI)
    config_end                               0x08001651   Thumb Code   202  led_example.o(STM32F10x_INI)
    STM32F10x_INI                            0x0800179c   Section      616  gpio.o(STM32F10x_INI)
    $v0                                      0x0800179c   Number         0  gpio.o(STM32F10x_INI)
    LedPorts                                 0x080017c4   Data           0  gpio.o(STM32F10x_INI)
    LedPins                                  0x080017d0   Data           0  gpio.o(STM32F10x_INI)
    ButtonPorts                              0x080017dc   Data           0  gpio.o(STM32F10x_INI)
    ButtonPins                               0x080017e8   Data           0  gpio.o(STM32F10x_INI)
    buttonPressedRaw                         0x080018cb   Thumb Code    38  gpio.o(STM32F10x_INI)
    sampleOne                                0x08001933   Thumb Code   122  gpio.o(STM32F10x_INI)
    strPressed                               0x0800196a   Data           0  gpio.o(STM32F10x_INI)
    strReleased                              0x08001976   Data           0  gpio.o(STM32F10x_INI)
    GPIO_DATA                                0x20000000   Section       48  gpio.o(GPIO_DATA)
    ButtonData                               0x20000000   Data           0  gpio.o(GPIO_DATA)
    SPI_data                                 0x20000030   Section       32  led_example.o(SPI_data)
    ButtonDataEnd                            0x20000030   Data           0  gpio.o(GPIO_DATA)
    rgb_data                                 0x20000030   Data          24  led_example.o(SPI_data)
    rgb_color_before_pause                   0x20000048   Data           4  led_example.o(SPI_data)
    rgb_color                                0x2000004c   Data           4  led_example.o(SPI_data)
    STACK                                    0x20000050   Section     1024  startup_stm32f30x.o(STACK)
    mojedata                                 0x20000450   Section      204  led_example.o(mojedata)
    systemTicks                              0x20000450   Data           4  led_example.o(mojedata)
    fsm_lastTransition                       0x20000454   Data           4  led_example.o(mojedata)
    fsm_state                                0x20000458   Data           4  led_example.o(mojedata)
    is_paused                                0x2000045c   Data           4  led_example.o(mojedata)
    pause_start_timestamp                    0x20000460   Data           4  led_example.o(mojedata)
    test_length                              0x20000464   Data           4  led_example.o(mojedata)
    series_start_timestamp                   0x20000468   Data           4  led_example.o(mojedata)
    pause_length_sum                         0x2000046c   Data           4  led_example.o(mojedata)
    led_on_mask                              0x20000470   Data           4  led_example.o(mojedata)
    tested_side                              0x20000474   Data           4  led_example.o(mojedata)
    num2str_result                           0x20000478   Data          12  led_example.o(mojedata)
    test_length_min                          0x20000484   Data           4  led_example.o(mojedata)
    test_length_max                          0x20000488   Data           4  led_example.o(mojedata)
    idle_blink_period                        0x2000048c   Data           4  led_example.o(mojedata)
    press_timeout                            0x20000490   Data           4  led_example.o(mojedata)
    rgb_brightness                           0x20000494   Data           4  led_example.o(mojedata)
    TestDataBegin                            0x20000498   Data           0  led_example.o(mojedata)
    hit_counter                              0x20000498   Data          12  led_example.o(mojedata)
    test_counter                             0x200004a4   Data          12  led_example.o(mojedata)
    reaction_time_sum                        0x200004b0   Data          12  led_example.o(mojedata)
    reaction_time_best                       0x200004bc   Data          12  led_example.o(mojedata)
    TestDataEnd                              0x200004c8   Data           0  led_example.o(mojedata)
    config_state                             0x200004c8   Data           4  led_example.o(mojedata)
    ConfigDataBegin                          0x200004cc   Data           0  led_example.o(mojedata)
    config_name                              0x200004cc   Data          40  led_example.o(mojedata)
    config_value                             0x200004f4   Data          40  led_example.o(mojedata)
    ConfigDataEnd                            0x2000051c   Data           0  led_example.o(mojedata)

    Global Symbols

    Symbol Name                              Value     Ov Type        Size  Object(Section)

    BuildAttributes$$THM_ISAv4$E$P$D$K$B$S$7EM$VFPi3$EXTD16$VFPS$VFMA$PE$A:L22UL41UL21$X:L11$S22US41US21$IEEE1$IW$USESV6$~STKCKD$USESV7$~SHL$OSPACE$EBA8$MICROLIB$EABIv2 0x00000000   Number         0  anon$$obj.o ABSOLUTE
    __Vectors_Size                           0x00000188   Number         0  startup_stm32f30x.o ABSOLUTE
    __Vectors                                0x08000000   Data           4  startup_stm32f30x.o(RESET)
    Reset_Handler                            0x08000189   Thumb Code     4  startup_stm32f30x.o(.text)
    __Vectors_End                            0x08000188   Data           0  startup_stm32f30x.o(RESET)
    NMI_Handler                              0x0800018d   Thumb Code     2  startup_stm32f30x.o(.text)
    HardFault_Handler                        0x0800018f   Thumb Code     2  startup_stm32f30x.o(.text)
    MemManage_Handler                        0x08000191   Thumb Code     2  startup_stm32f30x.o(.text)
    BusFault_Handler                         0x08000193   Thumb Code     2  startup_stm32f30x.o(.text)
    UsageFault_Handler                       0x08000195   Thumb Code     2  startup_stm32f30x.o(.text)
    SVC_Handler                              0x08000197   Thumb Code     2  startup_stm32f30x.o(.text)
    DebugMon_Handler                         0x08000199   Thumb Code     2  startup_stm32f30x.o(.text)
    PendSV_Handler                           0x0800019b   Thumb Code     2  startup_stm32f30x.o(.text)
    ADC1_2_IRQHandler                        0x0800019f   Thumb Code     0  startup_stm32f30x.o(.text)
    ADC3_IRQHandler                          0x0800019f   Thumb Code     0  startup_stm32f30x.o(.text)
    ADC4_IRQHandler                          0x0800019f   Thumb Code     0  startup_stm32f30x.o(.text)
    CAN1_RX1_IRQHandler                      0x0800019f   Thumb Code     0  startup_stm32f30x.o(.text)
    CAN1_SCE_IRQHandler                      0x0800019f   Thumb Code     0  startup_stm32f30x.o(.text)
    COMP1_2_3_IRQHandler                     0x0800019f   Thumb Code     0  startup_stm32f30x.o(.text)
    COMP4_5_6_IRQHandler                     0x0800019f   Thumb Code     0  startup_stm32f30x.o(.text)
    COMP7_IRQHandler                         0x0800019f   Thumb Code     0  startup_stm32f30x.o(.text)
    DMA1_Channel1_IRQHandler                 0x0800019f   Thumb Code     0  startup_stm32f30x.o(.text)
    DMA1_Channel2_IRQHandler                 0x0800019f   Thumb Code     0  startup_stm32f30x.o(.text)
    DMA1_Channel3_IRQHandler                 0x0800019f   Thumb Code     0  startup_stm32f30x.o(.text)
    DMA1_Channel4_IRQHandler                 0x0800019f   Thumb Code     0  startup_stm32f30x.o(.text)
    DMA1_Channel5_IRQHandler                 0x0800019f   Thumb Code     0  startup_stm32f30x.o(.text)
    DMA1_Channel6_IRQHandler                 0x0800019f   Thumb Code     0  startup_stm32f30x.o(.text)
    DMA1_Channel7_IRQHandler                 0x0800019f   Thumb Code     0  startup_stm32f30x.o(.text)
    DMA2_Channel1_IRQHandler                 0x0800019f   Thumb Code     0  startup_stm32f30x.o(.text)
    DMA2_Channel2_IRQHandler                 0x0800019f   Thumb Code     0  startup_stm32f30x.o(.text)
    DMA2_Channel3_IRQHandler                 0x0800019f   Thumb Code     0  startup_stm32f30x.o(.text)
    DMA2_Channel4_IRQHandler                 0x0800019f   Thumb Code     0  startup_stm32f30x.o(.text)
    DMA2_Channel5_IRQHandler                 0x0800019f   Thumb Code     0  startup_stm32f30x.o(.text)
    EXTI0_IRQHandler                         0x0800019f   Thumb Code     0  startup_stm32f30x.o(.text)
    EXTI15_10_IRQHandler                     0x0800019f   Thumb Code     0  startup_stm32f30x.o(.text)
    EXTI1_IRQHandler                         0x0800019f   Thumb Code     0  startup_stm32f30x.o(.text)
    EXTI2_TS_IRQHandler                      0x0800019f   Thumb Code     0  startup_stm32f30x.o(.text)
    EXTI3_IRQHandler                         0x0800019f   Thumb Code     0  startup_stm32f30x.o(.text)
    EXTI4_IRQHandler                         0x0800019f   Thumb Code     0  startup_stm32f30x.o(.text)
    EXTI9_5_IRQHandler                       0x0800019f   Thumb Code     0  startup_stm32f30x.o(.text)
    FLASH_IRQHandler                         0x0800019f   Thumb Code     0  startup_stm32f30x.o(.text)
    FPU_IRQHandler                           0x0800019f   Thumb Code     0  startup_stm32f30x.o(.text)
    I2C1_ER_IRQHandler                       0x0800019f   Thumb Code     0  startup_stm32f30x.o(.text)
    I2C1_EV_IRQHandler                       0x0800019f   Thumb Code     0  startup_stm32f30x.o(.text)
    I2C2_ER_IRQHandler                       0x0800019f   Thumb Code     0  startup_stm32f30x.o(.text)
    I2C2_EV_IRQHandler                       0x0800019f   Thumb Code     0  startup_stm32f30x.o(.text)
    PVD_IRQHandler                           0x0800019f   Thumb Code     0  startup_stm32f30x.o(.text)
    RCC_IRQHandler                           0x0800019f   Thumb Code     0  startup_stm32f30x.o(.text)
    RTC_Alarm_IRQHandler                     0x0800019f   Thumb Code     0  startup_stm32f30x.o(.text)
    RTC_WKUP_IRQHandler                      0x0800019f   Thumb Code     0  startup_stm32f30x.o(.text)
    SPI1_IRQHandler                          0x0800019f   Thumb Code     0  startup_stm32f30x.o(.text)
    SPI2_IRQHandler                          0x0800019f   Thumb Code     0  startup_stm32f30x.o(.text)
    SPI3_IRQHandler                          0x0800019f   Thumb Code     0  startup_stm32f30x.o(.text)
    TAMPER_STAMP_IRQHandler                  0x0800019f   Thumb Code     0  startup_stm32f30x.o(.text)
    TIM1_BRK_TIM15_IRQHandler                0x0800019f   Thumb Code     0  startup_stm32f30x.o(.text)
    TIM1_CC_IRQHandler                       0x0800019f   Thumb Code     0  startup_stm32f30x.o(.text)
    TIM1_TRG_COM_TIM17_IRQHandler            0x0800019f   Thumb Code     0  startup_stm32f30x.o(.text)
    TIM1_UP_TIM16_IRQHandler                 0x0800019f   Thumb Code     0  startup_stm32f30x.o(.text)
    TIM2_IRQHandler                          0x0800019f   Thumb Code     0  startup_stm32f30x.o(.text)
    TIM3_IRQHandler                          0x0800019f   Thumb Code     0  startup_stm32f30x.o(.text)
    TIM4_IRQHandler                          0x0800019f   Thumb Code     0  startup_stm32f30x.o(.text)
    TIM6_DAC_IRQHandler                      0x0800019f   Thumb Code     0  startup_stm32f30x.o(.text)
    TIM7_IRQHandler                          0x0800019f   Thumb Code     0  startup_stm32f30x.o(.text)
    TIM8_BRK_IRQHandler                      0x0800019f   Thumb Code     0  startup_stm32f30x.o(.text)
    TIM8_CC_IRQHandler                       0x0800019f   Thumb Code     0  startup_stm32f30x.o(.text)
    TIM8_TRG_COM_IRQHandler                  0x0800019f   Thumb Code     0  startup_stm32f30x.o(.text)
    TIM8_UP_IRQHandler                       0x0800019f   Thumb Code     0  startup_stm32f30x.o(.text)
    UART4_IRQHandler                         0x0800019f   Thumb Code     0  startup_stm32f30x.o(.text)
    UART5_IRQHandler                         0x0800019f   Thumb Code     0  startup_stm32f30x.o(.text)
    USART1_IRQHandler                        0x0800019f   Thumb Code     0  startup_stm32f30x.o(.text)
    USART3_IRQHandler                        0x0800019f   Thumb Code     0  startup_stm32f30x.o(.text)
    USBWakeUp_IRQHandler                     0x0800019f   Thumb Code     0  startup_stm32f30x.o(.text)
    USBWakeUp_RMP_IRQHandler                 0x0800019f   Thumb Code     0  startup_stm32f30x.o(.text)
    USB_HP_CAN1_TX_IRQHandler                0x0800019f   Thumb Code     0  startup_stm32f30x.o(.text)
    USB_HP_IRQHandler                        0x0800019f   Thumb Code     0  startup_stm32f30x.o(.text)
    USB_LP_CAN1_RX0_IRQHandler               0x0800019f   Thumb Code     0  startup_stm32f30x.o(.text)
    USB_LP_IRQHandler                        0x0800019f   Thumb Code     0  startup_stm32f30x.o(.text)
    WWDG_IRQHandler                          0x0800019f   Thumb Code     0  startup_stm32f30x.o(.text)
    __use_two_region_memory                  0x0800080a   Data           0  led_example.o(STM32F10x_INI)
    __main                                   0x0800080d   Thumb Code     0  led_example.o(STM32F10x_INI)
    get_side_name                            0x08000e87   Thumb Code    22  led_example.o(STM32F10x_INI)
    time_elapsed_fun                         0x08001159   Thumb Code    18  led_example.o(STM32F10x_INI)
    SysTick_Handler                          0x0800118f   Thumb Code    22  led_example.o(STM32F10x_INI)
    GetTick                                  0x080011a5   Thumb Code     6  led_example.o(STM32F10x_INI)
    print_header                             0x080011d5   Thumb Code    52  led_example.o(STM32F10x_INI)
    print_char                               0x0800121b   Thumb Code    22  led_example.o(STM32F10x_INI)
    print_string                             0x080012d1   Thumb Code    12  led_example.o(STM32F10x_INI)
    USART2_IRQHandler                        0x0800151b   Thumb Code   170  led_example.o(STM32F10x_INI)
    led_write                                0x080017f5   Thumb Code    32  gpio.o(STM32F10x_INI)
    GPIO_INIT                                0x08001815   Thumb Code   182  gpio.o(STM32F10x_INI)
    buttonPressedFiltered                    0x080018f1   Thumb Code    16  gpio.o(STM32F10x_INI)
    consumeButtonPress                       0x08001901   Thumb Code    26  gpio.o(STM32F10x_INI)
    buttonStable                             0x0800191b   Thumb Code    24  gpio.o(STM32F10x_INI)
    buttonSample                             0x080019ad   Thumb Code    22  gpio.o(STM32F10x_INI)
    __initial_sp                             0x20000450   Data           0  startup_stm32f30x.o(STACK)



==============================================================================

Memory Map of the image

  Image Entry point : 0x0800080d

  Load Region LR_IROM1 (Base: 0x08000000, Size: 0x00001a04, Max: 0x00040000, ABSOLUTE)

    Execution Region ER_IROM1 (Base: 0x08000000, Size: 0x00001a04, Max: 0x00040000, ABSOLUTE)

    Base Addr    Size         Type   Attr      Idx    E Section Name        Object

    0x08000000   0x00000188   Data   RO            3    RESET               startup_stm32f30x.o
    0x08000188   0x0000001c   Code   RO            4    .text               startup_stm32f30x.o
    0x080001a4   0x00000160   Code   RO           14    SPI_driver          led_example.o
    0x08000304   0x00001498   Code   RO           12  * STM32F10x_INI       led_example.o
    0x0800179c   0x00000268   Code   RO           27    STM32F10x_INI       gpio.o


    Execution Region RW_IRAM1 (Base: 0x20000000, Size: 0x0000051c, Max: 0x0000a000, ABSOLUTE)

    Base Addr    Size         Type   Attr      Idx    E Section Name        Object

    0x20000000   0x00000030   Zero   RW           25    GPIO_DATA           gpio.o
    0x20000030   0x00000020   Zero   RW           13    SPI_data            led_example.o
    0x20000050   0x00000400   Zero   RW            1    STACK               startup_stm32f30x.o
    0x20000450   0x000000cc   Zero   RW           10    mojedata            led_example.o


==============================================================================

Image component sizes


      Code (inc. data)   RO Data    RW Data    ZI Data      Debug   Object Name

       616        144          0          0         48        856   gpio.o
      5624       1996          0          0        236       3604   led_example.o
        28          4        392          0       1024        788   startup_stm32f30x.o

    ----------------------------------------------------------------------
      6268       2144        392          0       1308       5248   Object Totals
         0          0          0          0          0          0   (incl. Generated)
         0          0          0          0          0          0   (incl. Padding)

    ----------------------------------------------------------------------
         0          0          0          0          0          0   Library Totals
         0          0          0          0          0          0   (incl. Padding)

    ----------------------------------------------------------------------

==============================================================================


      Code (inc. data)   RO Data    RW Data    ZI Data      Debug   

      6268       2144        392          0       1308       4948   Grand Totals
      6268       2144        392          0       1308       4948   ELF Image Totals
      6268       2144        392          0          0          0   ROM Totals

==============================================================================

    Total RO  Size (Code + RO Data)                 6660 (   6.50kB)
    Total RW  Size (RW Data + ZI Data)              1308 (   1.28kB)
    Total ROM Size (Code + RO Data + RW Data)       6660 (   6.50kB)

==============================================================================

