<html>
<body>
<pre>
<h1>µVision Build Log</h1>
<h2>Project:</h2>
C:\Users\vomi\source\repos\VSY\4_test_reakceB\f303rc_asm_simple_example.uvproj
Project File Date:  11/13/2021

<h2>Output:</h2>
Build target 'f303rc'
assembling led_example.s...
linking...
.\f303rc_asm_simple_example.sct(8): warning: L6314W: No section matches pattern *(InRoot$$Sections).
Program Size: Code=5680 RO-data=392 RW-data=0 ZI-data=1272  
Finished: 0 information, 1 warning and 0 error messages.
FromELF: creating hex file...
".\f303rc_asm_simple_example.axf" - 0 Error(s), 1 Warning(s).
Load "C:\\Users\\vomi\\source\\repos\\VSY\\4_test_reakceB\\f303rc_asm_simple_example.axf" 
Erase Done.
Programming Done.
Verify OK.
</pre>
</body>
</html>
xample.s" - 0 Error(s), 0 Warning(s).
ne.
Verify OK.
2 Warning(s).
Target not created
