ARM Linker, 5.03 [Build 76] [MDK-ARM Lite]

==============================================================================

Section Cross References

    startup_stm32f30x.o(RESET) refers to startup_stm32f30x.o(STACK) for __initial_sp
    startup_stm32f30x.o(RESET) refers to startup_stm32f30x.o(.text) for Reset_Handler
    startup_stm32f30x.o(RESET) refers to led_example.o(STM32F10x_INI) for SysTick_Handler
    startup_stm32f30x.o(.text) refers to led_example.o(STM32F10x_INI) for __main
    led_example.o(STM32F10x_INI) refers to gpio.o(STM32F10x_INI) for GPIO_INIT
    led_example.o(STM32F10x_INI) refers to led_example.o(mojedata) for systemTicks
    gpio.o(STM32F10x_INI) refers to led_example.o(STM32F10x_INI) for time_elapsed_fun
    gpio.o(STM32F10x_INI) refers to gpio.o(GPIO_DATA) for ButtonData


==============================================================================

Removing Unused input sections from the image.

    Removing startup_stm32f30x.o(HEAP), (512 bytes).
    Removing led_example.o(STM32F3xx), (0 bytes).
    Removing stm32f303xe.o(STM32F10x_INI), (40 bytes).
    Removing gpio.o(GPIO_Driver), (0 bytes).

4 unused section(s) (total 552 bytes) removed from the image.

==============================================================================

Image Symbol Table

    Local Symbols

    Symbol Name                              Value     Ov Type        Size  Object(Section)

    GPIO.s                                   0x00000000   Number         0  gpio.o ABSOLUTE
    led_example.s                            0x00000000   Number         0  led_example.o ABSOLUTE
    startup_stm32f30x.s                      0x00000000   Number         0  startup_stm32f30x.o ABSOLUTE
    stm32f303xe.s                            0x00000000   Number         0  stm32f303xe.o ABSOLUTE
    RESET                                    0x08000000   Section      392  startup_stm32f30x.o(RESET)
    .text                                    0x08000188   Section       28  startup_stm32f30x.o(.text)
    $v0                                      0x08000188   Number         0  startup_stm32f30x.o(.text)
    STM32F10x_INI                            0x080001a4   Section     3836  led_example.o(STM32F10x_INI)
    $v0                                      0x080001a4   Number         0  led_example.o(STM32F10x_INI)
    nvic_enable_irq                          0x080001a5   Thumb Code    36  led_example.o(STM32F10x_INI)
    strNoSeriesToEnd                         0x080001cc   Data           0  led_example.o(STM32F10x_INI)
    strSeriesAlreadyStarted                  0x080001ee   Data           0  led_example.o(STM32F10x_INI)
    strCommandReceived1                      0x08000246   Data           0  led_example.o(STM32F10x_INI)
    strCommandReceived2                      0x08000259   Data           0  led_example.o(STM32F10x_INI)
    strNotRecognized                         0x0800025e   Data           0  led_example.o(STM32F10x_INI)
    strLineBreak                             0x08000278   Data           0  led_example.o(STM32F10x_INI)
    strNA                                    0x0800027b   Data           0  led_example.o(STM32F10x_INI)
    strNoTestInProgress                      0x0800027f   Data           0  led_example.o(STM32F10x_INI)
    welcomeMessage                           0x080002cf   Data           0  led_example.o(STM32F10x_INI)
    pausedMessage                            0x08000324   Data           0  led_example.o(STM32F10x_INI)
    resumedMessage1                          0x0800033a   Data           0  led_example.o(STM32F10x_INI)
    resumedMessage2                          0x08000355   Data           0  led_example.o(STM32F10x_INI)
    startMessage                             0x0800036f   Data           0  led_example.o(STM32F10x_INI)
    statsMessage1                            0x0800037f   Data           0  led_example.o(STM32F10x_INI)
    statsMessage2                            0x0800039a   Data           0  led_example.o(STM32F10x_INI)
    statsMessage3                            0x080003a8   Data           0  led_example.o(STM32F10x_INI)
    statsMessage4                            0x080003ba   Data           0  led_example.o(STM32F10x_INI)
    statsMessageSide1                        0x080003c9   Data           0  led_example.o(STM32F10x_INI)
    statsMessageSide2                        0x080003d4   Data           0  led_example.o(STM32F10x_INI)
    statsMessageSide3                        0x080003dd   Data           0  led_example.o(STM32F10x_INI)
    statsMessageSide4                        0x080003e9   Data           0  led_example.o(STM32F10x_INI)
    statsMessageSide5                        0x080003fd   Data           0  led_example.o(STM32F10x_INI)
    statsMessageSide6                        0x0800040b   Data           0  led_example.o(STM32F10x_INI)
    strWaiting                               0x08000417   Data           0  led_example.o(STM32F10x_INI)
    strLeft                                  0x08000432   Data           0  led_example.o(STM32F10x_INI)
    strRight                                 0x08000437   Data           0  led_example.o(STM32F10x_INI)
    strMiddle                                0x0800043d   Data           0  led_example.o(STM32F10x_INI)
    strFailure                               0x08000444   Data           0  led_example.o(STM32F10x_INI)
    strTooLate                               0x08000463   Data           0  led_example.o(STM32F10x_INI)
    strTooSoon1                              0x08000483   Data           0  led_example.o(STM32F10x_INI)
    strTooSoon2                              0x08000490   Data           0  led_example.o(STM32F10x_INI)
    strBadButton1                            0x0800049a   Data           0  led_example.o(STM32F10x_INI)
    strBadButton2                            0x080004b7   Data           0  led_example.o(STM32F10x_INI)
    strSuccess                               0x080004c1   Data           0  led_example.o(STM32F10x_INI)
    strMilliseconds                          0x080004f4   Data           0  led_example.o(STM32F10x_INI)
    strNewBestTime                           0x080004f8   Data           0  led_example.o(STM32F10x_INI)
    strTestEnded                             0x08000527   Data           0  led_example.o(STM32F10x_INI)
    strNewTest1                              0x08000535   Data           0  led_example.o(STM32F10x_INI)
    strNewTest2                              0x08000553   Data           0  led_example.o(STM32F10x_INI)
    update_leds                              0x080005b9   Thumb Code    32  led_example.o(STM32F10x_INI)
    generate_next_test                       0x080005d9   Thumb Code   118  led_example.o(STM32F10x_INI)
    get_random_led                           0x0800064f   Thumb Code    16  led_example.o(STM32F10x_INI)
    fsm_tick                                 0x08000685   Thumb Code   208  led_example.o(STM32F10x_INI)
    FSM_CASE_TABLE                           0x08000754   Data           0  led_example.o(STM32F10x_INI)
    all_buttons_stable                       0x0800075d   Thumb Code    50  led_example.o(STM32F10x_INI)
    handle_buttons                           0x0800078f   Thumb Code   210  led_example.o(STM32F10x_INI)
    BUTTON_STATE_TABLE                       0x08000852   Data           0  led_example.o(STM32F10x_INI)
    process_reaction                         0x08000861   Thumb Code    44  led_example.o(STM32F10x_INI)
    series_in_progress                       0x0800088d   Thumb Code    40  led_example.o(STM32F10x_INI)
    start_series                             0x080008b5   Thumb Code   102  led_example.o(STM32F10x_INI)
    calculate_avg_reaction_time              0x08000969   Thumb Code    30  led_example.o(STM32F10x_INI)
    print_stats_of_side                      0x08000987   Thumb Code   236  led_example.o(STM32F10x_INI)
    print_stats                              0x08000a73   Thumb Code   146  led_example.o(STM32F10x_INI)
    end_series                               0x08000b05   Thumb Code    82  led_example.o(STM32F10x_INI)
    handle_failure                           0x08000b6d   Thumb Code   146  led_example.o(STM32F10x_INI)
    handle_hit                               0x08000c89   Thumb Code   168  led_example.o(STM32F10x_INI)
    toggle_pause_state                       0x08000d31   Thumb Code   104  led_example.o(STM32F10x_INI)
    random                                   0x08000d99   Thumb Code    32  led_example.o(STM32F10x_INI)
    fsm_transition                           0x08000db9   Thumb Code    22  led_example.o(STM32F10x_INI)
    systick_hook                             0x08000dcf   Thumb Code     2  led_example.o(STM32F10x_INI)
    get_time_elapsed                         0x08000de3   Thumb Code    14  led_example.o(STM32F10x_INI)
    SYSTICK_INIT                             0x08000e03   Thumb Code    36  led_example.o(STM32F10x_INI)
    print_padded_string                      0x08000eb7   Thumb Code    46  led_example.o(STM32F10x_INI)
    num2str                                  0x08000f4d   Thumb Code   108  led_example.o(STM32F10x_INI)
    reverse_string                           0x08000fb9   Thumb Code    46  led_example.o(STM32F10x_INI)
    strlen                                   0x08000fe7   Thumb Code    22  led_example.o(STM32F10x_INI)
    to_upper                                 0x08000ffd   Thumb Code    30  led_example.o(STM32F10x_INI)
    STM32F10x_INI                            0x080010a0   Section      564  gpio.o(STM32F10x_INI)
    $v0                                      0x080010a0   Number         0  gpio.o(STM32F10x_INI)
    LedPorts                                 0x080010c8   Data           0  gpio.o(STM32F10x_INI)
    LedPins                                  0x080010d4   Data           0  gpio.o(STM32F10x_INI)
    ButtonPorts                              0x080010e0   Data           0  gpio.o(STM32F10x_INI)
    ButtonPins                               0x080010ec   Data           0  gpio.o(STM32F10x_INI)
    buttonPressedRaw                         0x080011a3   Thumb Code    38  gpio.o(STM32F10x_INI)
    sampleOne                                0x0800120b   Thumb Code   122  gpio.o(STM32F10x_INI)
    strPressed                               0x08001242   Data           0  gpio.o(STM32F10x_INI)
    strReleased                              0x0800124e   Data           0  gpio.o(STM32F10x_INI)
    GPIO_DATA                                0x20000000   Section       48  gpio.o(GPIO_DATA)
    ButtonData                               0x20000000   Data           0  gpio.o(GPIO_DATA)
    STACK                                    0x20000030   Section     1024  startup_stm32f30x.o(STACK)
    ButtonDataEnd                            0x20000030   Data           0  gpio.o(GPIO_DATA)
    mojedata                                 0x20000430   Section      100  led_example.o(mojedata)
    systemTicks                              0x20000430   Data           4  led_example.o(mojedata)
    fsm_lastTransition                       0x20000434   Data           4  led_example.o(mojedata)
    fsm_state                                0x20000438   Data           4  led_example.o(mojedata)
    is_paused                                0x2000043c   Data           4  led_example.o(mojedata)
    pause_start_timestamp                    0x20000440   Data           4  led_example.o(mojedata)
    test_length                              0x20000444   Data           4  led_example.o(mojedata)
    series_start_timestamp                   0x20000448   Data           4  led_example.o(mojedata)
    pause_length_sum                         0x2000044c   Data           4  led_example.o(mojedata)
    led_on_mask                              0x20000450   Data           4  led_example.o(mojedata)
    tested_side                              0x20000454   Data           4  led_example.o(mojedata)
    num2str_result                           0x20000458   Data          12  led_example.o(mojedata)
    TestDataBegin                            0x20000464   Data           0  led_example.o(mojedata)
    hit_counter                              0x20000464   Data          12  led_example.o(mojedata)
    test_counter                             0x20000470   Data          12  led_example.o(mojedata)
    reaction_time_sum                        0x2000047c   Data          12  led_example.o(mojedata)
    reaction_time_best                       0x20000488   Data          12  led_example.o(mojedata)
    TestDataEnd                              0x20000494   Data           0  led_example.o(mojedata)

    Global Symbols

    Symbol Name                              Value     Ov Type        Size  Object(Section)

    BuildAttributes$$THM_ISAv4$E$P$D$K$B$S$7EM$VFPi3$EXTD16$VFPS$VFMA$PE$A:L22UL41UL21$X:L11$S22US41US21$IEEE1$IW$USESV6$~STKCKD$USESV7$~SHL$OSPACE$EBA8$MICROLIB$EABIv2 0x00000000   Number         0  anon$$obj.o ABSOLUTE
    __Vectors_Size                           0x00000188   Number         0  startup_stm32f30x.o ABSOLUTE
    __Vectors                                0x08000000   Data           4  startup_stm32f30x.o(RESET)
    Reset_Handler                            0x08000189   Thumb Code     4  startup_stm32f30x.o(.text)
    __Vectors_End                            0x08000188   Data           0  startup_stm32f30x.o(RESET)
    NMI_Handler                              0x0800018d   Thumb Code     2  startup_stm32f30x.o(.text)
    HardFault_Handler                        0x0800018f   Thumb Code     2  startup_stm32f30x.o(.text)
    MemManage_Handler                        0x08000191   Thumb Code     2  startup_stm32f30x.o(.text)
    BusFault_Handler                         0x08000193   Thumb Code     2  startup_stm32f30x.o(.text)
    UsageFault_Handler                       0x08000195   Thumb Code     2  startup_stm32f30x.o(.text)
    SVC_Handler                              0x08000197   Thumb Code     2  startup_stm32f30x.o(.text)
    DebugMon_Handler                         0x08000199   Thumb Code     2  startup_stm32f30x.o(.text)
    PendSV_Handler                           0x0800019b   Thumb Code     2  startup_stm32f30x.o(.text)
    ADC1_2_IRQHandler                        0x0800019f   Thumb Code     0  startup_stm32f30x.o(.text)
    ADC3_IRQHandler                          0x0800019f   Thumb Code     0  startup_stm32f30x.o(.text)
    ADC4_IRQHandler                          0x0800019f   Thumb Code     0  startup_stm32f30x.o(.text)
    CAN1_RX1_IRQHandler                      0x0800019f   Thumb Code     0  startup_stm32f30x.o(.text)
    CAN1_SCE_IRQHandler                      0x0800019f   Thumb Code     0  startup_stm32f30x.o(.text)
    COMP1_2_3_IRQHandler                     0x0800019f   Thumb Code     0  startup_stm32f30x.o(.text)
    COMP4_5_6_IRQHandler                     0x0800019f   Thumb Code     0  startup_stm32f30x.o(.text)
    COMP7_IRQHandler                         0x0800019f   Thumb Code     0  startup_stm32f30x.o(.text)
    DMA1_Channel1_IRQHandler                 0x0800019f   Thumb Code     0  startup_stm32f30x.o(.text)
    DMA1_Channel2_IRQHandler                 0x0800019f   Thumb Code     0  startup_stm32f30x.o(.text)
    DMA1_Channel3_IRQHandler                 0x0800019f   Thumb Code     0  startup_stm32f30x.o(.text)
    DMA1_Channel4_IRQHandler                 0x0800019f   Thumb Code     0  startup_stm32f30x.o(.text)
    DMA1_Channel5_IRQHandler                 0x0800019f   Thumb Code     0  startup_stm32f30x.o(.text)
    DMA1_Channel6_IRQHandler                 0x0800019f   Thumb Code     0  startup_stm32f30x.o(.text)
    DMA1_Channel7_IRQHandler                 0x0800019f   Thumb Code     0  startup_stm32f30x.o(.text)
    DMA2_Channel1_IRQHandler                 0x0800019f   Thumb Code     0  startup_stm32f30x.o(.text)
    DMA2_Channel2_IRQHandler                 0x0800019f   Thumb Code     0  startup_stm32f30x.o(.text)
    DMA2_Channel3_IRQHandler                 0x0800019f   Thumb Code     0  startup_stm32f30x.o(.text)
    DMA2_Channel4_IRQHandler                 0x0800019f   Thumb Code     0  startup_stm32f30x.o(.text)
    DMA2_Channel5_IRQHandler                 0x0800019f   Thumb Code     0  startup_stm32f30x.o(.text)
    EXTI0_IRQHandler                         0x0800019f   Thumb Code     0  startup_stm32f30x.o(.text)
    EXTI15_10_IRQHandler                     0x0800019f   Thumb Code     0  startup_stm32f30x.o(.text)
    EXTI1_IRQHandler                         0x0800019f   Thumb Code     0  startup_stm32f30x.o(.text)
    EXTI2_TS_IRQHandler                      0x0800019f   Thumb Code     0  startup_stm32f30x.o(.text)
    EXTI3_IRQHandler                         0x0800019f   Thumb Code     0  startup_stm32f30x.o(.text)
    EXTI4_IRQHandler                         0x0800019f   Thumb Code     0  startup_stm32f30x.o(.text)
    EXTI9_5_IRQHandler                       0x0800019f   Thumb Code     0  startup_stm32f30x.o(.text)
    FLASH_IRQHandler                         0x0800019f   Thumb Code     0  startup_stm32f30x.o(.text)
    FPU_IRQHandler                           0x0800019f   Thumb Code     0  startup_stm32f30x.o(.text)
    I2C1_ER_IRQHandler                       0x0800019f   Thumb Code     0  startup_stm32f30x.o(.text)
    I2C1_EV_IRQHandler                       0x0800019f   Thumb Code     0  startup_stm32f30x.o(.text)
    I2C2_ER_IRQHandler                       0x0800019f   Thumb Code     0  startup_stm32f30x.o(.text)
    I2C2_EV_IRQHandler                       0x0800019f   Thumb Code     0  startup_stm32f30x.o(.text)
    PVD_IRQHandler                           0x0800019f   Thumb Code     0  startup_stm32f30x.o(.text)
    RCC_IRQHandler                           0x0800019f   Thumb Code     0  startup_stm32f30x.o(.text)
    RTC_Alarm_IRQHandler                     0x0800019f   Thumb Code     0  startup_stm32f30x.o(.text)
    RTC_WKUP_IRQHandler                      0x0800019f   Thumb Code     0  startup_stm32f30x.o(.text)
    SPI1_IRQHandler                          0x0800019f   Thumb Code     0  startup_stm32f30x.o(.text)
    SPI2_IRQHandler                          0x0800019f   Thumb Code     0  startup_stm32f30x.o(.text)
    SPI3_IRQHandler                          0x0800019f   Thumb Code     0  startup_stm32f30x.o(.text)
    TAMPER_STAMP_IRQHandler                  0x0800019f   Thumb Code     0  startup_stm32f30x.o(.text)
    TIM1_BRK_TIM15_IRQHandler                0x0800019f   Thumb Code     0  startup_stm32f30x.o(.text)
    TIM1_CC_IRQHandler                       0x0800019f   Thumb Code     0  startup_stm32f30x.o(.text)
    TIM1_TRG_COM_TIM17_IRQHandler            0x0800019f   Thumb Code     0  startup_stm32f30x.o(.text)
    TIM1_UP_TIM16_IRQHandler                 0x0800019f   Thumb Code     0  startup_stm32f30x.o(.text)
    TIM2_IRQHandler                          0x0800019f   Thumb Code     0  startup_stm32f30x.o(.text)
    TIM3_IRQHandler                          0x0800019f   Thumb Code     0  startup_stm32f30x.o(.text)
    TIM4_IRQHandler                          0x0800019f   Thumb Code     0  startup_stm32f30x.o(.text)
    TIM6_DAC_IRQHandler                      0x0800019f   Thumb Code     0  startup_stm32f30x.o(.text)
    TIM7_IRQHandler                          0x0800019f   Thumb Code     0  startup_stm32f30x.o(.text)
    TIM8_BRK_IRQHandler                      0x0800019f   Thumb Code     0  startup_stm32f30x.o(.text)
    TIM8_CC_IRQHandler                       0x0800019f   Thumb Code     0  startup_stm32f30x.o(.text)
    TIM8_TRG_COM_IRQHandler                  0x0800019f   Thumb Code     0  startup_stm32f30x.o(.text)
    TIM8_UP_IRQHandler                       0x0800019f   Thumb Code     0  startup_stm32f30x.o(.text)
    UART4_IRQHandler                         0x0800019f   Thumb Code     0  startup_stm32f30x.o(.text)
    UART5_IRQHandler                         0x0800019f   Thumb Code     0  startup_stm32f30x.o(.text)
    USART1_IRQHandler                        0x0800019f   Thumb Code     0  startup_stm32f30x.o(.text)
    USART3_IRQHandler                        0x0800019f   Thumb Code     0  startup_stm32f30x.o(.text)
    USBWakeUp_IRQHandler                     0x0800019f   Thumb Code     0  startup_stm32f30x.o(.text)
    USBWakeUp_RMP_IRQHandler                 0x0800019f   Thumb Code     0  startup_stm32f30x.o(.text)
    USB_HP_CAN1_TX_IRQHandler                0x0800019f   Thumb Code     0  startup_stm32f30x.o(.text)
    USB_HP_IRQHandler                        0x0800019f   Thumb Code     0  startup_stm32f30x.o(.text)
    USB_LP_CAN1_RX0_IRQHandler               0x0800019f   Thumb Code     0  startup_stm32f30x.o(.text)
    USB_LP_IRQHandler                        0x0800019f   Thumb Code     0  startup_stm32f30x.o(.text)
    WWDG_IRQHandler                          0x0800019f   Thumb Code     0  startup_stm32f30x.o(.text)
    __use_two_region_memory                  0x08000565   Data           0  led_example.o(STM32F10x_INI)
    __main                                   0x08000569   Thumb Code     0  led_example.o(STM32F10x_INI)
    get_side_name                            0x08000b57   Thumb Code    22  led_example.o(STM32F10x_INI)
    time_elapsed_fun                         0x08000df1   Thumb Code    18  led_example.o(STM32F10x_INI)
    SysTick_Handler                          0x08000e27   Thumb Code    22  led_example.o(STM32F10x_INI)
    GetTick                                  0x08000e3d   Thumb Code     6  led_example.o(STM32F10x_INI)
    print_header                             0x08000e6d   Thumb Code    52  led_example.o(STM32F10x_INI)
    print_char                               0x08000ea1   Thumb Code    22  led_example.o(STM32F10x_INI)
    print_string                             0x08000f41   Thumb Code    12  led_example.o(STM32F10x_INI)
    USART2_IRQHandler                        0x0800101b   Thumb Code   112  led_example.o(STM32F10x_INI)
    led_write                                0x080010f9   Thumb Code    32  gpio.o(STM32F10x_INI)
    GPIO_INIT                                0x08001119   Thumb Code   138  gpio.o(STM32F10x_INI)
    buttonPressedFiltered                    0x080011c9   Thumb Code    16  gpio.o(STM32F10x_INI)
    consumeButtonPress                       0x080011d9   Thumb Code    26  gpio.o(STM32F10x_INI)
    buttonStable                             0x080011f3   Thumb Code    24  gpio.o(STM32F10x_INI)
    buttonSample                             0x08001285   Thumb Code    22  gpio.o(STM32F10x_INI)
    __initial_sp                             0x20000430   Data           0  startup_stm32f30x.o(STACK)



==============================================================================

Memory Map of the image

  Image Entry point : 0x08000569

  Load Region LR_IROM1 (Base: 0x08000000, Size: 0x000012d4, Max: 0x00040000, ABSOLUTE)

    Execution Region ER_IROM1 (Base: 0x08000000, Size: 0x000012d4, Max: 0x00040000, ABSOLUTE)

    Base Addr    Size         Type   Attr      Idx    E Section Name        Object

    0x08000000   0x00000188   Data   RO            3    RESET               startup_stm32f30x.o
    0x08000188   0x0000001c   Code   RO            4    .text               startup_stm32f30x.o
    0x080001a4   0x00000efc   Code   RO           12  * STM32F10x_INI       led_example.o
    0x080010a0   0x00000234   Code   RO           22    STM32F10x_INI       gpio.o


    Execution Region RW_IRAM1 (Base: 0x20000000, Size: 0x00000494, Max: 0x0000a000, ABSOLUTE)

    Base Addr    Size         Type   Attr      Idx    E Section Name        Object

    0x20000000   0x00000030   Zero   RW           20    GPIO_DATA           gpio.o
    0x20000030   0x00000400   Zero   RW            1    STACK               startup_stm32f30x.o
    0x20000430   0x00000064   Zero   RW           10    mojedata            led_example.o


==============================================================================

Image component sizes


      Code (inc. data)   RO Data    RW Data    ZI Data      Debug   Object Name

       564        136          0          0         48        840   gpio.o
      3836       1312          0          0        100       2532   led_example.o
        28          4        392          0       1024        788   startup_stm32f30x.o

    ----------------------------------------------------------------------
      4428       1452        392          0       1172       4160   Object Totals
         0          0          0          0          0          0   (incl. Generated)
         0          0          0          0          0          0   (incl. Padding)

    ----------------------------------------------------------------------
         0          0          0          0          0          0   Library Totals
         0          0          0          0          0          0   (incl. Padding)

    ----------------------------------------------------------------------

==============================================================================


      Code (inc. data)   RO Data    RW Data    ZI Data      Debug   

      4428       1452        392          0       1172       3960   Grand Totals
      4428       1452        392          0       1172       3960   ELF Image Totals
      4428       1452        392          0          0          0   ROM Totals

==============================================================================

    Total RO  Size (Code + RO Data)                 4820 (   4.71kB)
    Total RW  Size (RW Data + ZI Data)              1172 (   1.14kB)
    Total ROM Size (Code + RO Data + RW Data)       4820 (   4.71kB)

==============================================================================

