<html>
<body>
<pre>
<h1>µVision Build Log</h1>
<h2>Project:</h2>
C:\Users\vomi\source\repos\VSY\2_sw_uart\f303rc_asm_simple_example.uvproj
Project File Date:  10/01/2021

<h2>Output:</h2>
Build target 'f303rc'
linking...
.\f303rc_asm_simple_example.sct(8): warning: L6314W: No section matches pattern *(InRoot$$Sections).
Program Size: Code=316 RO-data=392 RW-data=0 ZI-data=1040  
Finished: 0 information, 1 warning and 0 error messages.
FromELF: creating hex file...
".\f303rc_asm_simple_example.axf" - 0 Error(s), 1 Warning(s).
Load "C:\\Users\\vomi\\source\\repos\\VSY\\2_sw_uart\\f303rc_asm_simple_example.axf" 
Erase Done.
Programming Done.
Verify OK.
</pre>
</body>
</html>
